// 重构日志: 95f94f67
// 重构日志: dddef38d
// 重构日志: 53c2959e
// 重构日志: 4a6e80ba
// 重构日志: f6b8c0d9
// 重构日志: 0efc8911
// 重构日志: 0472a5f1
// 重构日志: a6c45975
// 重构日志: 8dee9991
// 重构日志: 6f333e46
// 同步 ID: 94020066 @ Thu Jul 30 10:27:16 UTC 2026
// 重构日志: 74804197
// 重构日志: 65d31c0c
// 同步 ID: 8c070bf6 @ Sun Aug  2 00:29:34 UTC 2026
// 重构日志: de5d5cd5
// 重构日志: ee438169
// 重构日志: 71a25144
// 同步 ID: 99390be0 @ Mon Aug  3 17:24:45 UTC 2026
// 重构日志: 4e3d5c24
// 重构日志: a62a4b57
// 重构日志: 2f689366
// 重构日志: 6cb010a2
// 同步 ID: 6bc6f60f @ Thu Aug  6 12:21:29 UTC 2026
// 同步 ID: a6c86b61 @ Fri Aug  7 11:30:25 UTC 2026
// 同步 ID: 861b14a9 @ Fri Aug  7 15:37:13 UTC 2026
// 重构日志: 635f8052
// 重构日志: 0d4225da
// 重构日志: 1d7a26eb
// 重构日志: 19d59351
// 同步 ID: 2e6abd17 @ Sat Aug  8 11:45:44 UTC 2026
// 重构日志: 200173a8
